2026-08-02 22:15:20,724 INFO [INGEST] Downloading from S3 | Bucket = raw-bucket-427763921511-ap-south-1-an | Object = dirty/dealer.csv
2026-08-02 22:15:22,131 INFO [INGEST] Download successful | Saved to C:/Users/KIIT/Desktop/Stratlytics/02_Bootcamp/04_Python/05_ETL_Pipeline/Data/Source/dealer.csv
2026-08-02 22:15:22,133 INFO [INGEST] Downloading from S3 | Bucket = raw-bucket-427763921511-ap-south-1-an | Object = dirty/product.csv
2026-08-02 22:15:23,055 INFO [INGEST] Download successful | Saved to C:/Users/KIIT/Desktop/Stratlytics/02_Bootcamp/04_Python/05_ETL_Pipeline/Data/Source/product.csv
2026-08-02 22:15:23,058 INFO [INGEST] Downloading from S3 | Bucket = raw-bucket-427763921511-ap-south-1-an | Object = dirty/inventory.csv
2026-08-02 22:15:24,015 INFO [INGEST] Download successful | Saved to C:/Users/KIIT/Desktop/Stratlytics/02_Bootcamp/04_Python/05_ETL_Pipeline/Data/Source/inventory.cv
2026-08-02 22:15:24,018 INFO [INGEST] Creating hash | C:/Users/KIIT/Desktop/Stratlytics/02_Bootcamp/04_Python/05_ETL_Pipeline/Data/Source/dealer.csv
2026-08-02 22:15:24,054 INFO [INGEST] Hash created successfullly
2026-08-02 22:15:24,054 INFO [INGEST] Initiating search in load_tracking
2026-08-02 22:15:24,054 INFO [INGEST] Connecting to Database
2026-08-02 22:15:24,128 INFO [INGEST] Connection Successful
2026-08-02 22:15:24,130 INFO [INGEST] File never processed
2026-08-02 22:15:24,131 INFO [INGEST] Creating hash | C:/Users/KIIT/Desktop/Stratlytics/02_Bootcamp/04_Python/05_ETL_Pipeline/Data/Source/product.csv
2026-08-02 22:15:24,144 INFO [INGEST] Hash created successfullly
2026-08-02 22:15:24,145 INFO [INGEST] Initiating search in load_tracking
2026-08-02 22:15:24,145 INFO [INGEST] Connecting to Database
2026-08-02 22:15:24,202 INFO [INGEST] Connection Successful
2026-08-02 22:15:24,204 INFO [INGEST] File never processed
2026-08-02 22:15:24,205 INFO [INGEST] Creating hash | C:/Users/KIIT/Desktop/Stratlytics/02_Bootcamp/04_Python/05_ETL_Pipeline/Data/Source/inventory.cv
2026-08-02 22:15:24,219 INFO [INGEST] Hash created successfullly
2026-08-02 22:15:24,219 INFO [INGEST] Initiating search in load_tracking
2026-08-02 22:15:24,219 INFO [INGEST] Connecting to Database
2026-08-02 22:15:24,274 INFO [INGEST] Connection Successful
2026-08-02 22:15:24,276 INFO [INGEST] File never processed
2026-08-02 22:15:24,276 INFO [INGEST] Reading csv file | C:/Users/KIIT/Desktop/Stratlytics/02_Bootcamp/04_Python/05_ETL_Pipeline/Data/Source/dealer.csv
2026-08-02 22:15:24,278 INFO [INGEST] Read 80 rows successfullly
2026-08-02 22:15:24,278 INFO [INGEST] Reading csv file | C:/Users/KIIT/Desktop/Stratlytics/02_Bootcamp/04_Python/05_ETL_Pipeline/Data/Source/product.csv
2026-08-02 22:15:24,281 INFO [INGEST] Read 320 rows successfullly
2026-08-02 22:15:24,281 INFO [INGEST] Reading csv file | C:/Users/KIIT/Desktop/Stratlytics/02_Bootcamp/04_Python/05_ETL_Pipeline/Data/Source/inventory.cv
2026-08-02 22:15:24,289 INFO [INGEST] Read 900 rows successfullly
2026-08-02 22:15:24,289 INFO [TRANSFORM] Validating | dealer
2026-08-02 22:15:24,289 INFO [TRANSFORM] Validating | Row number: 1
2026-08-02 22:15:24,296 INFO [TRANSFORM] Validating | Row number: 2
2026-08-02 22:15:24,296 INFO [TRANSFORM] Validating | Row number: 3
2026-08-02 22:15:24,296 INFO [TRANSFORM] Validating | Row number: 4
2026-08-02 22:15:24,296 INFO [TRANSFORM] Validating | Row number: 5
2026-08-02 22:15:24,297 INFO [TRANSFORM] Validating | Row number: 6
2026-08-02 22:15:24,297 INFO [TRANSFORM] Validating | Row number: 7
2026-08-02 22:15:24,297 INFO [TRANSFORM] Validating | Row number: 8
2026-08-02 22:15:24,297 INFO [TRANSFORM] Validating | Row number: 9
2026-08-02 22:15:24,297 INFO [TRANSFORM] Validating | Row number: 10
2026-08-02 22:15:24,297 INFO [TRANSFORM] Validating | Row number: 11
2026-08-02 22:15:24,298 INFO [TRANSFORM] Validating | Row number: 12
2026-08-02 22:15:24,298 INFO [TRANSFORM] Validating | Row number: 13
2026-08-02 22:15:24,299 INFO [TRANSFORM] Validating | Row number: 14
2026-08-02 22:15:24,299 INFO [TRANSFORM] Validating | Row number: 15
2026-08-02 22:15:24,299 INFO [TRANSFORM] Validating | Row number: 16
2026-08-02 22:15:24,299 INFO [TRANSFORM] Validating | Row number: 17
2026-08-02 22:15:24,300 INFO [TRANSFORM] Validating | Row number: 18
2026-08-02 22:15:24,300 INFO [TRANSFORM] Validating | Row number: 19
2026-08-02 22:15:24,300 INFO [TRANSFORM] Validating | Row number: 20
2026-08-02 22:15:24,300 INFO [TRANSFORM] Validating | Row number: 21
2026-08-02 22:15:24,300 INFO [TRANSFORM] Validating | Row number: 22
2026-08-02 22:15:24,301 INFO [TRANSFORM] Validating | Row number: 23
2026-08-02 22:15:24,301 INFO [TRANSFORM] Validating | Row number: 24
2026-08-02 22:15:24,301 INFO [TRANSFORM] Validating | Row number: 25
2026-08-02 22:15:24,301 INFO [TRANSFORM] Validating | Row number: 26
2026-08-02 22:15:24,301 INFO [TRANSFORM] Validating | Row number: 27
2026-08-02 22:15:24,301 INFO [TRANSFORM] Validating | Row number: 28
2026-08-02 22:15:24,302 INFO [TRANSFORM] Validating | Row number: 29
2026-08-02 22:15:24,302 INFO [TRANSFORM] Validating | Row number: 30
2026-08-02 22:15:24,302 INFO [TRANSFORM] Validating | Row number: 31
2026-08-02 22:15:24,302 INFO [TRANSFORM] Validating | Row number: 32
2026-08-02 22:15:24,302 INFO [TRANSFORM] Validating | Row number: 33
2026-08-02 22:15:24,302 INFO [TRANSFORM] Validating | Row number: 34
2026-08-02 22:15:24,302 INFO [TRANSFORM] Validating | Row number: 35
2026-08-02 22:15:24,302 INFO [TRANSFORM] Validating | Row number: 36
2026-08-02 22:15:24,302 INFO [TRANSFORM] Validating | Row number: 37
2026-08-02 22:15:24,302 WARNING [TRANSFORM] [DATA ERROR] Missing required fields: ['dealer_name']
2026-08-02 22:15:24,303 WARNING [TRANSFORM] [DATA ERROR] All errors found: ['E001_MISSING_REQUIRED']
2026-08-02 22:15:24,303 INFO [TRANSFORM] Validating | Row number: 38
2026-08-02 22:15:24,303 INFO [TRANSFORM] Validating | Row number: 39
2026-08-02 22:15:24,303 INFO [TRANSFORM] Validating | Row number: 40
2026-08-02 22:15:24,304 INFO [TRANSFORM] Validating | Row number: 41
2026-08-02 22:15:24,304 INFO [TRANSFORM] Validating | Row number: 42
2026-08-02 22:15:24,304 INFO [TRANSFORM] Validating | Row number: 43
2026-08-02 22:15:24,305 INFO [TRANSFORM] Validating | Row number: 44
2026-08-02 22:15:24,305 INFO [TRANSFORM] Validating | Row number: 45
2026-08-02 22:15:24,305 INFO [TRANSFORM] Validating | Row number: 46
2026-08-02 22:15:24,306 INFO [TRANSFORM] Validating | Row number: 47
2026-08-02 22:15:24,306 INFO [TRANSFORM] Validating | Row number: 48
2026-08-02 22:15:24,306 INFO [TRANSFORM] Validating | Row number: 49
2026-08-02 22:15:24,306 INFO [TRANSFORM] Validating | Row number: 50
2026-08-02 22:15:24,306 INFO [TRANSFORM] Validating | Row number: 51
2026-08-02 22:15:24,306 INFO [TRANSFORM] Validating | Row number: 52
2026-08-02 22:15:24,306 INFO [TRANSFORM] Validating | Row number: 53
2026-08-02 22:15:24,306 INFO [TRANSFORM] Validating | Row number: 54
2026-08-02 22:15:24,306 INFO [TRANSFORM] Validating | Row number: 55
2026-08-02 22:15:24,307 INFO [TRANSFORM] Validating | Row number: 56
2026-08-02 22:15:24,307 INFO [TRANSFORM] Validating | Row number: 57
2026-08-02 22:15:24,307 INFO [TRANSFORM] Validating | Row number: 58
2026-08-02 22:15:24,307 INFO [TRANSFORM] Validating | Row number: 59
2026-08-02 22:15:24,307 INFO [TRANSFORM] Validating | Row number: 60
2026-08-02 22:15:24,307 INFO [TRANSFORM] Validating | Row number: 61
2026-08-02 22:15:24,307 INFO [TRANSFORM] Validating | Row number: 62
2026-08-02 22:15:24,307 INFO [TRANSFORM] Validating | Row number: 63
2026-08-02 22:15:24,307 INFO [TRANSFORM] Validating | Row number: 64
2026-08-02 22:15:24,308 INFO [TRANSFORM] Validating | Row number: 65
2026-08-02 22:15:24,308 INFO [TRANSFORM] Validating | Row number: 66
2026-08-02 22:15:24,308 INFO [TRANSFORM] Validating | Row number: 67
2026-08-02 22:15:24,308 INFO [TRANSFORM] Validating | Row number: 68
2026-08-02 22:15:24,308 INFO [TRANSFORM] Validating | Row number: 69
2026-08-02 22:15:24,308 INFO [TRANSFORM] Validating | Row number: 70
2026-08-02 22:15:24,308 INFO [TRANSFORM] Validating | Row number: 71
2026-08-02 22:15:24,308 INFO [TRANSFORM] Validating | Row number: 72
2026-08-02 22:15:24,309 INFO [TRANSFORM] Validating | Row number: 73
2026-08-02 22:15:24,309 INFO [TRANSFORM] Validating | Row number: 74
2026-08-02 22:15:24,309 INFO [TRANSFORM] Validating | Row number: 75
2026-08-02 22:15:24,309 INFO [TRANSFORM] Validating | Row number: 76
2026-08-02 22:15:24,309 INFO [TRANSFORM] Validating | Row number: 77
2026-08-02 22:15:24,309 INFO [TRANSFORM] Validating | Row number: 78
2026-08-02 22:15:24,309 INFO [TRANSFORM] Validating | Row number: 79
2026-08-02 22:15:24,310 INFO [TRANSFORM] Validating | Row number: 80
2026-08-02 22:15:24,310 INFO [TRANSFORM] Validation Complete | Total rows = 80 | Valid rows = 79 | Invalid rows = 1
2026-08-02 22:15:24,310 INFO [INGEST] Extracting values | File = dealer.csv | Field = dealer_id
2026-08-02 22:15:24,310 INFO [INGEST] Found 79 unique dealer_id(s)
2026-08-02 22:15:24,310 INFO [TRANSFORM] Validating | product
2026-08-02 22:15:24,310 INFO [TRANSFORM] Validating | Row number: 1
2026-08-02 22:15:24,310 INFO [TRANSFORM] Validating | Row number: 2
2026-08-02 22:15:24,311 INFO [TRANSFORM] Validating | Row number: 3
2026-08-02 22:15:24,311 INFO [TRANSFORM] Validating | Row number: 4
2026-08-02 22:15:24,311 INFO [TRANSFORM] Validating | Row number: 5
2026-08-02 22:15:24,311 INFO [TRANSFORM] Validating | Row number: 6
2026-08-02 22:15:24,311 INFO [TRANSFORM] Validating | Row number: 7
2026-08-02 22:15:24,312 INFO [TRANSFORM] Validating | Row number: 8
2026-08-02 22:15:24,312 INFO [TRANSFORM] Validating | Row number: 9
2026-08-02 22:15:24,312 INFO [TRANSFORM] Validating | Row number: 10
2026-08-02 22:15:24,312 INFO [TRANSFORM] Validating | Row number: 11
2026-08-02 22:15:24,312 INFO [TRANSFORM] Validating | Row number: 12
2026-08-02 22:15:24,312 INFO [TRANSFORM] Validating | Row number: 13
2026-08-02 22:15:24,313 INFO [TRANSFORM] Validating | Row number: 14
2026-08-02 22:15:24,313 INFO [TRANSFORM] Validating | Row number: 15
2026-08-02 22:15:24,313 INFO [TRANSFORM] Validating | Row number: 16
2026-08-02 22:15:24,313 INFO [TRANSFORM] Validating | Row number: 17
2026-08-02 22:15:24,313 INFO [TRANSFORM] Validating | Row number: 18
2026-08-02 22:15:24,313 INFO [TRANSFORM] Validating | Row number: 19
2026-08-02 22:15:24,314 INFO [TRANSFORM] Validating | Row number: 20
2026-08-02 22:15:24,314 INFO [TRANSFORM] Validating | Row number: 21
2026-08-02 22:15:24,314 INFO [TRANSFORM] Validating | Row number: 22
2026-08-02 22:15:24,314 INFO [TRANSFORM] Validating | Row number: 23
2026-08-02 22:15:24,314 INFO [TRANSFORM] Validating | Row number: 24
2026-08-02 22:15:24,315 INFO [TRANSFORM] Validating | Row number: 25
2026-08-02 22:15:24,315 INFO [TRANSFORM] Validating | Row number: 26
2026-08-02 22:15:24,315 INFO [TRANSFORM] Validating | Row number: 27
2026-08-02 22:15:24,315 WARNING [TRANSFORM] [DATA ERROR] Missing required fields: ['sku']
2026-08-02 22:15:24,316 WARNING [TRANSFORM] [DATA ERROR] All errors found: ['E001_MISSING_REQUIRED']
2026-08-02 22:15:24,316 INFO [TRANSFORM] Validating | Row number: 28
2026-08-02 22:15:24,316 INFO [TRANSFORM] Validating | Row number: 29
2026-08-02 22:15:24,316 INFO [TRANSFORM] Validating | Row number: 30
2026-08-02 22:15:24,316 INFO [TRANSFORM] Validating | Row number: 31
2026-08-02 22:15:24,317 INFO [TRANSFORM] Validating | Row number: 32
2026-08-02 22:15:24,317 INFO [TRANSFORM] Validating | Row number: 33
2026-08-02 22:15:24,317 INFO [TRANSFORM] Validating | Row number: 34
2026-08-02 22:15:24,317 INFO [TRANSFORM] Validating | Row number: 35
2026-08-02 22:15:24,317 INFO [TRANSFORM] Validating | Row number: 36
2026-08-02 22:15:24,318 INFO [TRANSFORM] Validating | Row number: 37
2026-08-02 22:15:24,318 INFO [TRANSFORM] Validating | Row number: 38
2026-08-02 22:15:24,318 INFO [TRANSFORM] Validating | Row number: 39
2026-08-02 22:15:24,318 INFO [TRANSFORM] Validating | Row number: 40
2026-08-02 22:15:24,318 INFO [TRANSFORM] Validating | Row number: 41
2026-08-02 22:15:24,318 INFO [TRANSFORM] Validating | Row number: 42
2026-08-02 22:15:24,319 INFO [TRANSFORM] Validating | Row number: 43
2026-08-02 22:15:24,319 INFO [TRANSFORM] Validating | Row number: 44
2026-08-02 22:15:24,319 INFO [TRANSFORM] Validating | Row number: 45
2026-08-02 22:15:24,319 INFO [TRANSFORM] Validating | Row number: 46
2026-08-02 22:15:24,320 INFO [TRANSFORM] Validating | Row number: 47
2026-08-02 22:15:24,320 INFO [TRANSFORM] Validating | Row number: 48
2026-08-02 22:15:24,320 INFO [TRANSFORM] Validating | Row number: 49
2026-08-02 22:15:24,321 INFO [TRANSFORM] Validating | Row number: 50
2026-08-02 22:15:24,321 WARNING [TRANSFORM] [DATA ERROR] Missing required fields: ['unit_price']
2026-08-02 22:15:24,321 WARNING [TRANSFORM] [DATA ERROR] All errors found: ['E001_MISSING_REQUIRED']
2026-08-02 22:15:24,321 INFO [TRANSFORM] Validating | Row number: 51
2026-08-02 22:15:24,321 INFO [TRANSFORM] Validating | Row number: 52
2026-08-02 22:15:24,321 INFO [TRANSFORM] Validating | Row number: 53
2026-08-02 22:15:24,321 INFO [TRANSFORM] Validating | Row number: 54
2026-08-02 22:15:24,321 INFO [TRANSFORM] Validating | Row number: 55
2026-08-02 22:15:24,322 INFO [TRANSFORM] Validating | Row number: 56
2026-08-02 22:15:24,322 INFO [TRANSFORM] Validating | Row number: 57
2026-08-02 22:15:24,322 INFO [TRANSFORM] Validating | Row number: 58
2026-08-02 22:15:24,322 INFO [TRANSFORM] Validating | Row number: 59
2026-08-02 22:15:24,322 INFO [TRANSFORM] Validating | Row number: 60
2026-08-02 22:15:24,322 INFO [TRANSFORM] Validating | Row number: 61
2026-08-02 22:15:24,322 INFO [TRANSFORM] Validating | Row number: 62
2026-08-02 22:15:24,322 INFO [TRANSFORM] Validating | Row number: 63
2026-08-02 22:15:24,322 INFO [TRANSFORM] Validating | Row number: 64
2026-08-02 22:15:24,322 INFO [TRANSFORM] Validating | Row number: 65
2026-08-02 22:15:24,323 INFO [TRANSFORM] Validating | Row number: 66
2026-08-02 22:15:24,323 INFO [TRANSFORM] Validating | Row number: 67
2026-08-02 22:15:24,323 INFO [TRANSFORM] Validating | Row number: 68
2026-08-02 22:15:24,323 INFO [TRANSFORM] Validating | Row number: 69
2026-08-02 22:15:24,323 INFO [TRANSFORM] Validating | Row number: 70
2026-08-02 22:15:24,323 INFO [TRANSFORM] Validating | Row number: 71
2026-08-02 22:15:24,323 INFO [TRANSFORM] Validating | Row number: 72
2026-08-02 22:15:24,323 INFO [TRANSFORM] Validating | Row number: 73
2026-08-02 22:15:24,323 INFO [TRANSFORM] Validating | Row number: 74
2026-08-02 22:15:24,324 INFO [TRANSFORM] Validating | Row number: 75
2026-08-02 22:15:24,324 INFO [TRANSFORM] Validating | Row number: 76
2026-08-02 22:15:24,324 INFO [TRANSFORM] Validating | Row number: 77
2026-08-02 22:15:24,324 WARNING [TRANSFORM] [DATA ERROR] Missing required fields: ['product_name']
2026-08-02 22:15:24,325 WARNING [TRANSFORM] [DATA ERROR] All errors found: ['E001_MISSING_REQUIRED']
2026-08-02 22:15:24,325 INFO [TRANSFORM] Validating | Row number: 78
2026-08-02 22:15:24,325 INFO [TRANSFORM] Validating | Row number: 79
2026-08-02 22:15:24,325 INFO [TRANSFORM] Validating | Row number: 80
2026-08-02 22:15:24,325 INFO [TRANSFORM] Validating | Row number: 81
2026-08-02 22:15:24,325 INFO [TRANSFORM] Validating | Row number: 82
2026-08-02 22:15:24,325 INFO [TRANSFORM] Validating | Row number: 83
2026-08-02 22:15:24,326 INFO [TRANSFORM] Validating | Row number: 84
2026-08-02 22:15:24,326 INFO [TRANSFORM] Validating | Row number: 85
2026-08-02 22:15:24,326 INFO [TRANSFORM] Validating | Row number: 86
2026-08-02 22:15:24,326 INFO [TRANSFORM] Validating | Row number: 87
2026-08-02 22:15:24,327 INFO [TRANSFORM] Validating | Row number: 88
2026-08-02 22:15:24,327 INFO [TRANSFORM] Validating | Row number: 89
2026-08-02 22:15:24,327 INFO [TRANSFORM] Validating | Row number: 90
2026-08-02 22:15:24,327 WARNING [TRANSFORM] [DATA ERROR] Missing required fields: ['unit_price']
2026-08-02 22:15:24,327 WARNING [TRANSFORM] [DATA ERROR] All errors found: ['E001_MISSING_REQUIRED']
2026-08-02 22:15:24,327 INFO [TRANSFORM] Validating | Row number: 91
2026-08-02 22:15:24,328 INFO [TRANSFORM] Validating | Row number: 92
2026-08-02 22:15:24,328 INFO [TRANSFORM] Validating | Row number: 93
2026-08-02 22:15:24,328 INFO [TRANSFORM] Validating | Row number: 94
2026-08-02 22:15:24,328 INFO [TRANSFORM] Validating | Row number: 95
2026-08-02 22:15:24,328 INFO [TRANSFORM] Validating | Row number: 96
2026-08-02 22:15:24,329 INFO [TRANSFORM] Validating | Row number: 97
2026-08-02 22:15:24,329 INFO [TRANSFORM] Validating | Row number: 98
2026-08-02 22:15:24,329 INFO [TRANSFORM] Validating | Row number: 99
2026-08-02 22:15:24,329 INFO [TRANSFORM] Validating | Row number: 100
2026-08-02 22:15:24,329 INFO [TRANSFORM] Validating | Row number: 101
2026-08-02 22:15:24,329 INFO [TRANSFORM] Validating | Row number: 102
2026-08-02 22:15:24,330 INFO [TRANSFORM] Validating | Row number: 103
2026-08-02 22:15:24,330 INFO [TRANSFORM] Validating | Row number: 104
2026-08-02 22:15:24,330 INFO [TRANSFORM] Validating | Row number: 105
2026-08-02 22:15:24,330 INFO [TRANSFORM] Validating | Row number: 106
2026-08-02 22:15:24,330 INFO [TRANSFORM] Validating | Row number: 107
2026-08-02 22:15:24,330 INFO [TRANSFORM] Validating | Row number: 108
2026-08-02 22:15:24,331 INFO [TRANSFORM] Validating | Row number: 109
2026-08-02 22:15:24,331 INFO [TRANSFORM] Validating | Row number: 110
2026-08-02 22:15:24,331 INFO [TRANSFORM] Validating | Row number: 111
2026-08-02 22:15:24,331 INFO [TRANSFORM] Validating | Row number: 112
2026-08-02 22:15:24,332 INFO [TRANSFORM] Validating | Row number: 113
2026-08-02 22:15:24,332 INFO [TRANSFORM] Validating | Row number: 114
2026-08-02 22:15:24,332 INFO [TRANSFORM] Validating | Row number: 115
2026-08-02 22:15:24,332 INFO [TRANSFORM] Validating | Row number: 116
2026-08-02 22:15:24,333 INFO [TRANSFORM] Validating | Row number: 117
2026-08-02 22:15:24,333 INFO [TRANSFORM] Validating | Row number: 118
2026-08-02 22:15:24,334 INFO [TRANSFORM] Validating | Row number: 119
2026-08-02 22:15:24,334 INFO [TRANSFORM] Validating | Row number: 120
2026-08-02 22:15:24,334 INFO [TRANSFORM] Validating | Row number: 121
2026-08-02 22:15:24,334 INFO [TRANSFORM] Validating | Row number: 122
2026-08-02 22:15:24,334 INFO [TRANSFORM] Validating | Row number: 123
2026-08-02 22:15:24,335 INFO [TRANSFORM] Validating | Row number: 124
2026-08-02 22:15:24,335 INFO [TRANSFORM] Validating | Row number: 125
2026-08-02 22:15:24,335 INFO [TRANSFORM] Validating | Row number: 126
2026-08-02 22:15:24,335 INFO [TRANSFORM] Validating | Row number: 127
2026-08-02 22:15:24,335 INFO [TRANSFORM] Validating | Row number: 128
2026-08-02 22:15:24,335 INFO [TRANSFORM] Validating | Row number: 129
2026-08-02 22:15:24,336 INFO [TRANSFORM] Validating | Row number: 130
2026-08-02 22:15:24,336 INFO [TRANSFORM] Validating | Row number: 131
2026-08-02 22:15:24,336 INFO [TRANSFORM] Validating | Row number: 132
2026-08-02 22:15:24,336 INFO [TRANSFORM] Validating | Row number: 133
2026-08-02 22:15:24,336 INFO [TRANSFORM] Validating | Row number: 134
2026-08-02 22:15:24,337 INFO [TRANSFORM] Validating | Row number: 135
2026-08-02 22:15:24,337 INFO [TRANSFORM] Validating | Row number: 136
2026-08-02 22:15:24,337 INFO [TRANSFORM] Validating | Row number: 137
2026-08-02 22:15:24,337 INFO [TRANSFORM] Validating | Row number: 138
2026-08-02 22:15:24,337 INFO [TRANSFORM] Validating | Row number: 139
2026-08-02 22:15:24,337 INFO [TRANSFORM] Validating | Row number: 140
2026-08-02 22:15:24,338 INFO [TRANSFORM] Validating | Row number: 141
2026-08-02 22:15:24,338 INFO [TRANSFORM] Validating | Row number: 142
2026-08-02 22:15:24,338 INFO [TRANSFORM] Validating | Row number: 143
2026-08-02 22:15:24,338 INFO [TRANSFORM] Validating | Row number: 144
2026-08-02 22:15:24,338 INFO [TRANSFORM] Validating | Row number: 145
2026-08-02 22:15:24,339 INFO [TRANSFORM] Validating | Row number: 146
2026-08-02 22:15:24,339 INFO [TRANSFORM] Validating | Row number: 147
2026-08-02 22:15:24,339 INFO [TRANSFORM] Validating | Row number: 148
2026-08-02 22:15:24,339 INFO [TRANSFORM] Validating | Row number: 149
2026-08-02 22:15:24,339 INFO [TRANSFORM] Validating | Row number: 150
2026-08-02 22:15:24,339 INFO [TRANSFORM] Validating | Row number: 151
2026-08-02 22:15:24,340 INFO [TRANSFORM] Validating | Row number: 152
2026-08-02 22:15:24,340 INFO [TRANSFORM] Validating | Row number: 153
2026-08-02 22:15:24,340 INFO [TRANSFORM] Validating | Row number: 154
2026-08-02 22:15:24,340 INFO [TRANSFORM] Validating | Row number: 155
2026-08-02 22:15:24,340 INFO [TRANSFORM] Validating | Row number: 156
2026-08-02 22:15:24,341 INFO [TRANSFORM] Validating | Row number: 157
2026-08-02 22:15:24,341 INFO [TRANSFORM] Validating | Row number: 158
2026-08-02 22:15:24,342 INFO [TRANSFORM] Validating | Row number: 159
2026-08-02 22:15:24,342 INFO [TRANSFORM] Validating | Row number: 160
2026-08-02 22:15:24,342 INFO [TRANSFORM] Validating | Row number: 161
2026-08-02 22:15:24,342 INFO [TRANSFORM] Validating | Row number: 162
2026-08-02 22:15:24,342 INFO [TRANSFORM] Validating | Row number: 163
2026-08-02 22:15:24,342 INFO [TRANSFORM] Validating | Row number: 164
2026-08-02 22:15:24,342 INFO [TRANSFORM] Validating | Row number: 165
2026-08-02 22:15:24,342 INFO [TRANSFORM] Validating | Row number: 166
2026-08-02 22:15:24,343 INFO [TRANSFORM] Validating | Row number: 167
2026-08-02 22:15:24,343 INFO [TRANSFORM] Validating | Row number: 168
2026-08-02 22:15:24,343 INFO [TRANSFORM] Validating | Row number: 169
2026-08-02 22:15:24,343 INFO [TRANSFORM] Validating | Row number: 170
2026-08-02 22:15:24,343 INFO [TRANSFORM] Validating | Row number: 171
2026-08-02 22:15:24,343 INFO [TRANSFORM] Validating | Row number: 172
2026-08-02 22:15:24,343 INFO [TRANSFORM] Validating | Row number: 173
2026-08-02 22:15:24,343 INFO [TRANSFORM] Validating | Row number: 174
2026-08-02 22:15:24,343 INFO [TRANSFORM] Validating | Row number: 175
2026-08-02 22:15:24,344 INFO [TRANSFORM] Validating | Row number: 176
2026-08-02 22:15:24,344 INFO [TRANSFORM] Validating | Row number: 177
2026-08-02 22:15:24,344 INFO [TRANSFORM] Validating | Row number: 178
2026-08-02 22:15:24,344 INFO [TRANSFORM] Validating | Row number: 179
2026-08-02 22:15:24,344 INFO [TRANSFORM] Validating | Row number: 180
2026-08-02 22:15:24,344 INFO [TRANSFORM] Validating | Row number: 181
2026-08-02 22:15:24,344 INFO [TRANSFORM] Validating | Row number: 182
2026-08-02 22:15:24,345 INFO [TRANSFORM] Validating | Row number: 183
2026-08-02 22:15:24,345 INFO [TRANSFORM] Validating | Row number: 184
2026-08-02 22:15:24,345 INFO [TRANSFORM] Validating | Row number: 185
2026-08-02 22:15:24,345 INFO [TRANSFORM] Validating | Row number: 186
2026-08-02 22:15:24,346 INFO [TRANSFORM] Validating | Row number: 187
2026-08-02 22:15:24,346 INFO [TRANSFORM] Validating | Row number: 188
2026-08-02 22:15:24,346 INFO [TRANSFORM] Validating | Row number: 189
2026-08-02 22:15:24,346 WARNING [TRANSFORM] [DATA ERROR] Missing required fields: ['sku']
2026-08-02 22:15:24,346 WARNING [TRANSFORM] [DATA ERROR] All errors found: ['E001_MISSING_REQUIRED']
2026-08-02 22:15:24,346 INFO [TRANSFORM] Validating | Row number: 190
2026-08-02 22:15:24,347 INFO [TRANSFORM] Validating | Row number: 191
2026-08-02 22:15:24,347 INFO [TRANSFORM] Validating | Row number: 192
2026-08-02 22:15:24,347 INFO [TRANSFORM] Validating | Row number: 193
2026-08-02 22:15:24,347 INFO [TRANSFORM] Validating | Row number: 194
2026-08-02 22:15:24,347 INFO [TRANSFORM] Validating | Row number: 195
2026-08-02 22:15:24,348 INFO [TRANSFORM] Validating | Row number: 196
2026-08-02 22:15:24,348 INFO [TRANSFORM] Validating | Row number: 197
2026-08-02 22:15:24,348 INFO [TRANSFORM] Validating | Row number: 198
2026-08-02 22:15:24,349 INFO [TRANSFORM] Validating | Row number: 199
2026-08-02 22:15:24,349 INFO [TRANSFORM] Validating | Row number: 200
2026-08-02 22:15:24,349 INFO [TRANSFORM] Validating | Row number: 201
2026-08-02 22:15:24,349 INFO [TRANSFORM] Validating | Row number: 202
2026-08-02 22:15:24,349 INFO [TRANSFORM] Validating | Row number: 203
2026-08-02 22:15:24,350 INFO [TRANSFORM] Validating | Row number: 204
2026-08-02 22:15:24,350 INFO [TRANSFORM] Validating | Row number: 205
2026-08-02 22:15:24,350 INFO [TRANSFORM] Validating | Row number: 206
2026-08-02 22:15:24,350 INFO [TRANSFORM] Validating | Row number: 207
2026-08-02 22:15:24,350 INFO [TRANSFORM] Validating | Row number: 208
2026-08-02 22:15:24,350 INFO [TRANSFORM] Validating | Row number: 209
2026-08-02 22:15:24,352 WARNING [TRANSFORM] [DATA ERROR] Bad type fields: ['unit_cost', 'unit_price']
2026-08-02 22:15:24,352 ERROR [TRANSFORM] [SYSTEM ERROR] Unexpected error: '>' not supported between instances of 'str' and 'int' | ('12,50', 'gt', 0)
2026-08-02 22:15:24,352 ERROR [TRANSFORM] [SYSTEM ERROR] Unexpected Error: '>' not supported between instances of 'str' and 'int'
